geometry
proc idle in=- sstep=64 rscript=0 cstep=0 cb=1/-1/0 props=0 store=0/0 ping=0 tx=0 rx=0 seed=0 pingtime=0 calls=1 -> Success state=1 index=0 scalls=0 slog=- sbytes=- rcalls=1 rlog=64:0 cbcalls=0 cblog=- waiting=0 sent=0 out0=0/0 in0=0/0 store=0 clear=0 keys=-
proc recv-fails in=3006000161006869 sstep=64 rscript=-1 cstep=0 cb=1/-1/0 props=0 store=0/0 ping=0 tx=0 rx=0 seed=0 pingtime=0 calls=1 -> RecvFailed state=2 index=0 scalls=0 slog=- sbytes=- rcalls=1 rlog=64:-1 cbcalls=0 cblog=- waiting=0 sent=0 out0=0/0 in0=0/0 store=0 clear=0 keys=-
proc qos0 in=3006000161006869 sstep=64 rscript=64 cstep=0 cb=1/-1/0 props=0 store=0/0 ping=0 tx=0 rx=0 seed=0 pingtime=0 calls=1 -> Success state=1 index=0 scalls=0 slog=- sbytes=- rcalls=1 rlog=64:8 cbcalls=1 cblog=30/0/0/? waiting=0 sent=0 out0=0/0 in0=0/0 store=0 clear=0 keys=-
proc qos1 in=32080001610005006869 sstep=64 rscript=64 cstep=0 cb=1/-1/0 props=0 store=0/0 ping=0 tx=0 rx=0 seed=0 pingtime=0 calls=1 -> Success state=1 index=0 scalls=1 slog=4:4 sbytes=40020005 rcalls=1 rlog=64:10 cbcalls=1 cblog=32/5/1/? waiting=0 sent=1 out0=0/0 in0=0/0 store=0 clear=0 keys=-
proc qos2 in=34080001610006006869 sstep=64 rscript=64 cstep=0 cb=1/-1/0 props=0 store=0/0 ping=0 tx=0 rx=0 seed=0 pingtime=0 calls=1 -> Success state=1 index=0 scalls=1 slog=4:4 sbytes=50020006 rcalls=1 rlog=64:10 cbcalls=1 cblog=34/6/1/? waiting=0 sent=1 out0=0/0 in0=6/8 store=0 clear=0 keys=-
proc qos1-callback-refuses in=32080001610005006869 sstep=64 rscript=64 cstep=0 cb=0/-1/0 props=0 store=0/0 ping=0 tx=0 rx=0 seed=0 pingtime=0 calls=1 -> EventCallbackFailed state=1 index=10 scalls=0 slog=- sbytes=- rcalls=1 rlog=64:10 cbcalls=1 cblog=32/5/1/? waiting=0 sent=0 out0=0/0 in0=5/2 store=0 clear=0 keys=-
proc qos0-callback-refuses in=3006000161006869 sstep=64 rscript=64 cstep=0 cb=0/-1/0 props=0 store=0/0 ping=0 tx=0 rx=0 seed=0 pingtime=0 calls=1 -> EventCallbackFailed state=1 index=8 scalls=0 slog=- sbytes=- rcalls=1 rlog=64:8 cbcalls=1 cblog=30/0/0/? waiting=0 sent=0 out0=0/0 in0=0/0 store=0 clear=0 keys=-
proc qos1-with-reason in=32080001610005006869 sstep=64 rscript=64 cstep=0 cb=1/0/0 props=1 store=0/0 ping=0 tx=0 rx=0 seed=0 pingtime=0 calls=1 -> Success state=1 index=0 scalls=2 slog=5:5,1:1 sbytes=400400050000 rcalls=1 rlog=64:10 cbcalls=1 cblog=32/5/1/? waiting=0 sent=1 out0=0/0 in0=0/0 store=0 clear=0 keys=-
proc qos1-with-property in=32080001610005006869 sstep=64 rscript=64 cstep=0 cb=1/-1/1 props=1 store=0/0 ping=0 tx=0 rx=0 seed=0 pingtime=0 calls=1 -> BadParameter state=1 index=10 scalls=0 slog=- sbytes=- rcalls=1 rlog=64:10 cbcalls=1 cblog=32/5/1/? waiting=0 sent=0 out0=0/0 in0=5/2 store=0 clear=0 keys=-
proc qos1-bad-reason in=32080001610005006869 sstep=64 rscript=64 cstep=0 cb=1/146/0 props=1 store=0/0 ping=0 tx=0 rx=0 seed=0 pingtime=0 calls=1 -> BadParameter state=1 index=10 scalls=0 slog=- sbytes=- rcalls=1 rlog=64:10 cbcalls=1 cblog=32/5/1/? waiting=0 sent=0 out0=0/0 in0=5/2 store=0 clear=0 keys=-
proc qos1-with-store in=32080001610005006869 sstep=64 rscript=64 cstep=0 cb=1/-1/0 props=0 store=1/1 ping=0 tx=0 rx=0 seed=0 pingtime=0 calls=1 -> Success state=1 index=0 scalls=1 slog=4:4 sbytes=40020005 rcalls=1 rlog=64:10 cbcalls=1 cblog=32/5/1/? waiting=0 sent=1 out0=0/0 in0=0/0 store=0 clear=0 keys=-
proc qos2-with-store in=34080001610006006869 sstep=64 rscript=64 cstep=0 cb=1/-1/0 props=0 store=1/1 ping=0 tx=0 rx=0 seed=0 pingtime=0 calls=1 -> Success state=1 index=0 scalls=1 slog=4:4 sbytes=50020006 rcalls=1 rlog=64:10 cbcalls=1 cblog=34/6/1/? waiting=0 sent=1 out0=0/0 in0=6/8 store=1 clear=0 keys=65542
proc qos2-store-refuses in=34080001610006006869 sstep=64 rscript=64 cstep=0 cb=1/-1/0 props=0 store=1/0 ping=0 tx=0 rx=0 seed=0 pingtime=0 calls=1 -> PublishStoreFailed state=1 index=10 scalls=0 slog=- sbytes=- rcalls=1 rlog=64:10 cbcalls=1 cblog=34/6/1/? waiting=0 sent=0 out0=0/0 in0=6/3 store=1 clear=0 keys=65542
proc qos1-send-fails in=32080001610005006869 sstep=-1 rscript=64 cstep=0 cb=1/-1/0 props=0 store=0/0 ping=0 tx=0 rx=0 seed=0 pingtime=0 calls=1 -> SendFailed state=2 index=10 scalls=1 slog=4:-1 sbytes=- rcalls=1 rlog=64:10 cbcalls=1 cblog=32/5/1/? waiting=0 sent=0 out0=0/0 in0=5/2 store=0 clear=0 keys=-
proc qos1-dup in=3a080001610005006869 sstep=64 rscript=64 cstep=0 cb=1/-1/0 props=0 store=0/0 ping=0 tx=0 rx=0 seed=0 pingtime=0 calls=1 -> Success state=1 index=0 scalls=1 slog=4:4 sbytes=40020005 rcalls=1 rlog=64:10 cbcalls=1 cblog=3a/5/1/? waiting=0 sent=1 out0=0/0 in0=0/0 store=0 clear=0 keys=-
proc two-publishes-one-read in=3208000161000500686932080001620007006869 sstep=64 rscript=64 cstep=0 cb=1/-1/0 props=0 store=0/0 ping=0 tx=0 rx=0 seed=0 pingtime=0 calls=1 -> Success state=1 index=0 scalls=2 slog=4:4,4:4 sbytes=4002000540020007 rcalls=1 rlog=64:20 cbcalls=2 cblog=32/5/1/?,32/7/1/? waiting=0 sent=1 out0=0/0 in0=0/0 store=0 clear=0 keys=-
proc half-a-publish in=3006000161006869 sstep=64 rscript=4 cstep=0 cb=1/-1/0 props=0 store=0/0 ping=0 tx=0 rx=0 seed=0 pingtime=0 calls=1 -> NeedMoreBytes state=1 index=4 scalls=0 slog=- sbytes=- rcalls=1 rlog=64:4 cbcalls=0 cblog=- waiting=0 sent=0 out0=0/0 in0=0/0 store=0 clear=0 keys=-
proc one-byte-at-a-time in=3006000161006869 sstep=64 rscript=1 cstep=0 cb=1/-1/0 props=0 store=0/0 ping=0 tx=0 rx=0 seed=0 pingtime=0 calls=1 -> NeedMoreBytes state=1 index=1 scalls=0 slog=- sbytes=- rcalls=1 rlog=64:1 cbcalls=0 cblog=- waiting=0 sent=0 out0=0/0 in0=0/0 store=0 clear=0 keys=-
proc puback in=40020005 sstep=64 rscript=64 cstep=0 cb=1/-1/0 props=0 store=0/0 ping=0 tx=0 rx=0 seed=1 pingtime=0 calls=1 -> Success state=1 index=0 scalls=0 slog=- sbytes=- rcalls=1 rlog=64:4 cbcalls=1 cblog=40/5/0/0 waiting=0 sent=0 out0=0/0 in0=0/0 store=0 clear=0 keys=-
proc pubrec in=50020005 sstep=64 rscript=64 cstep=0 cb=1/-1/0 props=0 store=0/0 ping=0 tx=0 rx=0 seed=2 pingtime=0 calls=1 -> Success state=1 index=0 scalls=1 slog=4:4 sbytes=62020005 rcalls=1 rlog=64:4 cbcalls=1 cblog=50/5/1/0 waiting=0 sent=1 out0=5/9 in0=0/0 store=0 clear=0 keys=-
proc pubrel in=62020006 sstep=64 rscript=64 cstep=0 cb=1/-1/0 props=0 store=0/0 ping=0 tx=0 rx=0 seed=3 pingtime=0 calls=1 -> Success state=1 index=0 scalls=1 slog=4:4 sbytes=70020006 rcalls=1 rlog=64:4 cbcalls=1 cblog=62/6/1/0 waiting=0 sent=1 out0=0/0 in0=0/0 store=0 clear=0 keys=-
proc pubcomp in=70020006 sstep=64 rscript=64 cstep=0 cb=1/-1/0 props=0 store=0/0 ping=0 tx=0 rx=0 seed=4 pingtime=0 calls=1 -> Success state=1 index=0 scalls=0 slog=- sbytes=- rcalls=1 rlog=64:4 cbcalls=1 cblog=70/6/0/0 waiting=0 sent=0 out0=0/0 in0=0/0 store=0 clear=0 keys=-
proc puback-with-store in=40020005 sstep=64 rscript=64 cstep=0 cb=1/-1/0 props=0 store=1/1 ping=0 tx=0 rx=0 seed=1 pingtime=0 calls=1 -> Success state=1 index=0 scalls=0 slog=- sbytes=- rcalls=1 rlog=64:4 cbcalls=1 cblog=40/5/0/0 waiting=0 sent=0 out0=0/0 in0=0/0 store=0 clear=1 keys=5
proc pubcomp-with-store in=70020006 sstep=64 rscript=64 cstep=0 cb=1/-1/0 props=0 store=1/1 ping=0 tx=0 rx=0 seed=4 pingtime=0 calls=1 -> Success state=1 index=0 scalls=0 slog=- sbytes=- rcalls=1 rlog=64:4 cbcalls=1 cblog=70/6/0/0 waiting=0 sent=0 out0=0/0 in0=0/0 store=0 clear=1 keys=65542
proc suback in=900400010000 sstep=64 rscript=64 cstep=0 cb=1/-1/0 props=0 store=0/0 ping=0 tx=0 rx=0 seed=0 pingtime=0 calls=1 -> Success state=1 index=0 scalls=0 slog=- sbytes=- rcalls=1 rlog=64:6 cbcalls=1 cblog=90/1/0/1 waiting=0 sent=0 out0=0/0 in0=0/0 store=0 clear=0 keys=-
proc unsuback in=b00400010000 sstep=64 rscript=64 cstep=0 cb=1/-1/0 props=0 store=0/0 ping=0 tx=0 rx=0 seed=0 pingtime=0 calls=1 -> Success state=1 index=0 scalls=0 slog=- sbytes=- rcalls=1 rlog=64:6 cbcalls=1 cblog=b0/1/0/1 waiting=0 sent=0 out0=0/0 in0=0/0 store=0 clear=0 keys=-
proc suback-callback-refuses in=900400010000 sstep=64 rscript=64 cstep=0 cb=0/-1/0 props=0 store=0/0 ping=0 tx=0 rx=0 seed=0 pingtime=0 calls=1 -> EventCallbackFailed state=1 index=6 scalls=0 slog=- sbytes=- rcalls=1 rlog=64:6 cbcalls=1 cblog=90/1/0/1 waiting=0 sent=0 out0=0/0 in0=0/0 store=0 clear=0 keys=-
proc pingresp in=d000 sstep=64 rscript=64 cstep=0 cb=1/-1/0 props=0 store=0/0 ping=1 tx=0 rx=0 seed=0 pingtime=0 calls=1 -> Success state=1 index=0 scalls=0 slog=- sbytes=- rcalls=1 rlog=64:2 cbcalls=0 cblog=- waiting=0 sent=0 out0=0/0 in0=0/0 store=0 clear=0 keys=-
recv pingresp in=d000 sstep=64 rscript=64 cstep=0 cb=1/-1/0 props=0 store=0/0 ping=1 tx=0 rx=0 seed=0 pingtime=0 calls=1 -> Success state=1 index=0 scalls=0 slog=- sbytes=- rcalls=1 rlog=64:2 cbcalls=1 cblog=d0/0/0/? waiting=1 sent=0 out0=0/0 in0=0/0 store=0 clear=0 keys=-
proc disconnect in=e0020000 sstep=64 rscript=64 cstep=0 cb=1/-1/0 props=0 store=0/0 ping=0 tx=0 rx=0 seed=0 pingtime=0 calls=1 -> Success state=0 index=0 scalls=0 slog=- sbytes=- rcalls=1 rlog=64:4 cbcalls=1 cblog=e0/0/0/1 waiting=0 sent=0 out0=0/0 in0=0/0 store=0 clear=0 keys=-
proc disconnect-malformed in=e002ff00 sstep=64 rscript=64 cstep=0 cb=1/-1/0 props=0 store=0/0 ping=0 tx=0 rx=0 seed=0 pingtime=0 calls=1 -> StatusNotConnected state=0 index=0 scalls=2 slog=3:3,1:1 sbytes=e0028100 rcalls=1 rlog=64:4 cbcalls=0 cblog=- waiting=0 sent=0 out0=0/0 in0=0/0 store=0 clear=0 keys=-
proc disconnect-callback-refuses in=e0020000 sstep=64 rscript=64 cstep=0 cb=0/-1/0 props=0 store=0/0 ping=0 tx=0 rx=0 seed=0 pingtime=0 calls=1 -> EventCallbackFailed state=0 index=4 scalls=0 slog=- sbytes=- rcalls=1 rlog=64:4 cbcalls=1 cblog=e0/0/0/1 waiting=0 sent=0 out0=0/0 in0=0/0 store=0 clear=0 keys=-
proc bad-packet-type in=10020000 sstep=64 rscript=64 cstep=0 cb=1/-1/0 props=0 store=0/0 ping=0 tx=0 rx=0 seed=0 pingtime=0 calls=1 -> BadResponse state=1 index=4 scalls=0 slog=- sbytes=- rcalls=1 rlog=64:4 cbcalls=0 cblog=- waiting=0 sent=0 out0=0/0 in0=0/0 store=0 clear=0 keys=-
proc too-large in=307f00016100 sstep=64 rscript=64 cstep=0 cb=1/-1/0 props=0 store=0/0 ping=0 tx=0 rx=0 seed=0 pingtime=0 calls=1 -> RecvFailed state=1 index=6 scalls=0 slog=- sbytes=- rcalls=1 rlog=64:6 cbcalls=0 cblog=- waiting=0 sent=0 out0=0/0 in0=0/0 store=0 clear=0 keys=-
proc keepalive-tx-timeout in=- sstep=64 rscript=0 cstep=0 cb=1/-1/0 props=0 store=0/0 ping=0 tx=0 rx=0 seed=0 pingtime=0 calls=1 -> Success state=1 index=0 scalls=0 slog=- sbytes=- rcalls=1 rlog=64:0 cbcalls=0 cblog=- waiting=0 sent=0 out0=0/0 in0=0/0 store=0 clear=0 keys=-
recv keepalive-tx-timeout in=- sstep=64 rscript=0 cstep=0 cb=1/-1/0 props=0 store=0/0 ping=0 tx=0 rx=0 seed=0 pingtime=0 calls=1 -> Success state=1 index=0 scalls=0 slog=- sbytes=- rcalls=1 rlog=64:0 cbcalls=0 cblog=- waiting=0 sent=0 out0=0/0 in0=0/0 store=0 clear=0 keys=-
proc keepalive-pingresp-timeout in=- sstep=64 rscript=0 cstep=6000 cb=1/-1/0 props=0 store=0/0 ping=1 tx=0 rx=0 seed=0 pingtime=0 calls=1 -> Success state=1 index=0 scalls=0 slog=- sbytes=- rcalls=1 rlog=64:0 cbcalls=0 cblog=- waiting=1 sent=0 out0=0/0 in0=0/0 store=0 clear=0 keys=-
proc keepalive-pingresp-waiting in=- sstep=64 rscript=0 cstep=1 cb=1/-1/0 props=0 store=0/0 ping=1 tx=0 rx=0 seed=0 pingtime=0 calls=1 -> Success state=1 index=0 scalls=0 slog=- sbytes=- rcalls=1 rlog=64:0 cbcalls=0 cblog=- waiting=1 sent=0 out0=0/0 in0=0/0 store=0 clear=0 keys=-
proc keepalive-rx-timeout in=- sstep=64 rscript=0 cstep=0 cb=1/-1/0 props=0 store=0/0 ping=0 tx=4294967295 rx=1 seed=0 pingtime=0 calls=1 -> Success state=1 index=0 scalls=1 slog=2:2 sbytes=c000 rcalls=1 rlog=64:0 cbcalls=0 cblog=- waiting=1 sent=0 out0=0/0 in0=0/0 store=0 clear=0 keys=-
proc keepalive-not-checked-when-busy in=3006000161006869 sstep=64 rscript=64 cstep=0 cb=1/-1/0 props=0 store=0/0 ping=0 tx=0 rx=0 seed=0 pingtime=0 calls=1 -> Success state=1 index=0 scalls=0 slog=- sbytes=- rcalls=1 rlog=64:8 cbcalls=1 cblog=30/0/0/? waiting=0 sent=0 out0=0/0 in0=0/0 store=0 clear=0 keys=-
proc half-then-the-rest in=3006000161006869 sstep=64 rscript=4 cstep=0 cb=1/-1/0 props=0 store=0/0 ping=0 tx=0 rx=0 seed=0 pingtime=0 calls=2 -> Success state=1 index=0 scalls=0 slog=- sbytes=- rcalls=2 rlog=64:4,60:4 cbcalls=1 cblog=30/0/0/? waiting=0 sent=0 out0=0/0 in0=0/0 store=0 clear=0 keys=-
proc qos1-collision in=32080001610005006869 sstep=64 rscript=64 cstep=0 cb=1/-1/0 props=0 store=0/0 ping=0 tx=0 rx=0 seed=5 pingtime=0 calls=1 -> Success state=1 index=0 scalls=1 slog=4:4 sbytes=40020005 rcalls=1 rlog=64:10 cbcalls=1 cblog=32/5/1/? waiting=0 sent=1 out0=0/0 in0=0/0 store=0 clear=0 keys=-
proc qos2-collision in=34080001610006006869 sstep=64 rscript=64 cstep=0 cb=1/-1/0 props=0 store=0/0 ping=0 tx=0 rx=0 seed=6 pingtime=0 calls=1 -> Success state=1 index=0 scalls=1 slog=4:4 sbytes=50020006 rcalls=1 rlog=64:10 cbcalls=0 cblog=- waiting=0 sent=1 out0=0/0 in0=6/8 store=0 clear=0 keys=-
proc pubrel-bad-reason in=62020006 sstep=64 rscript=64 cstep=0 cb=1/135/0 props=1 store=0/0 ping=0 tx=0 rx=0 seed=3 pingtime=0 calls=1 -> BadParameter state=1 index=4 scalls=0 slog=- sbytes=- rcalls=1 rlog=64:4 cbcalls=1 cblog=62/6/1/0 waiting=0 sent=0 out0=0/0 in0=6/5 store=0 clear=0 keys=-
proc pubrel-good-reason in=62020006 sstep=64 rscript=64 cstep=0 cb=1/146/0 props=1 store=0/0 ping=0 tx=0 rx=0 seed=3 pingtime=0 calls=1 -> Success state=1 index=0 scalls=2 slog=5:5,1:1 sbytes=700400069200 rcalls=1 rlog=64:4 cbcalls=1 cblog=62/6/1/0 waiting=0 sent=1 out0=0/0 in0=0/0 store=0 clear=0 keys=-
proc two-publishes-with-properties in=3208000161000500686932080001620007006869 sstep=64 rscript=64 cstep=0 cb=1/0/1 props=1 store=0/0 ping=0 tx=0 rx=0 seed=0 pingtime=0 calls=1 -> Success state=1 index=0 scalls=6 slog=5:5,1:1,5:5,5:5,1:1,5:5 sbytes=4009000500051f00026e6f4009000700051f00026e6f rcalls=1 rlog=64:20 cbcalls=2 cblog=32/5/1/?,32/7/1/? waiting=0 sent=1 out0=0/0 in0=0/0 store=0 clear=0 keys=-
proc pingresp-on-the-boundary in=- sstep=64 rscript=0 cstep=0 cb=1/-1/0 props=0 store=0/0 ping=1 tx=0 rx=0 seed=0 pingtime=4294962296 calls=1 -> Success state=1 index=0 scalls=0 slog=- sbytes=- rcalls=1 rlog=64:0 cbcalls=0 cblog=- waiting=1 sent=0 out0=0/0 in0=0/0 store=0 clear=0 keys=-
proc pingresp-one-past in=- sstep=64 rscript=0 cstep=0 cb=1/-1/0 props=0 store=0/0 ping=1 tx=0 rx=0 seed=0 pingtime=4294962295 calls=1 -> KeepAliveTimeout state=1 index=0 scalls=0 slog=- sbytes=- rcalls=1 rlog=64:0 cbcalls=0 cblog=- waiting=1 sent=0 out0=0/0 in0=0/0 store=0 clear=0 keys=-
proc keepalive-clamped-to-thirty in=- sstep=64 rscript=0 cstep=0 cb=1/-1/0 props=0 store=0/0 ping=0 tx=4294927256 rx=0 seed=0 pingtime=0 calls=1 -> Success state=1 index=0 scalls=1 slog=2:2 sbytes=c000 rcalls=1 rlog=64:0 cbcalls=0 cblog=- waiting=1 sent=0 out0=0/0 in0=0/0 store=0 clear=0 keys=-
proc pingresp-owed-and-stale in=- sstep=64 rscript=0 cstep=0 cb=1/-1/0 props=0 store=0/0 ping=1 tx=4294927256 rx=0 seed=0 pingtime=4294967295 calls=1 -> Success state=1 index=0 scalls=0 slog=- sbytes=- rcalls=1 rlog=64:0 cbcalls=0 cblog=- waiting=1 sent=0 out0=0/0 in0=0/0 store=0 clear=0 keys=-
end
