geometry list=19 ack=16
sub 0 sub-one-filter id=1 n=1 f0=612f62,0,0,0,0 props=- rl=9 buf=160 -> Success bytes=82090001000003612f6200
sub 1 sub-qos1 id=1 n=1 f0=612f62,1,0,0,0 props=- rl=9 buf=160 -> Success bytes=82090001000003612f6201
sub 2 sub-qos2 id=1 n=1 f0=612f62,2,0,0,0 props=- rl=9 buf=160 -> Success bytes=82090001000003612f6202
sub 3 sub-no-local id=1 n=1 f0=612f62,0,1,0,0 props=- rl=9 buf=160 -> Success bytes=82090001000003612f6204
sub 4 sub-retain-as-published id=1 n=1 f0=612f62,0,0,1,0 props=- rl=9 buf=160 -> Success bytes=82090001000003612f6208
sub 5 sub-retain-handling-1 id=1 n=1 f0=612f62,0,0,0,1 props=- rl=9 buf=160 -> Success bytes=82090001000003612f6210
sub 6 sub-retain-handling-2 id=1 n=1 f0=612f62,0,0,0,2 props=- rl=9 buf=160 -> Success bytes=82090001000003612f6220
sub 7 sub-everything-set id=65535 n=1 f0=612f62,2,1,1,1 props=- rl=9 buf=160 -> Success bytes=8209ffff000003612f621e
sub 8 sub-three-filters id=7 n=3 f0=78,0,0,0,0 f1=612f62,1,1,0,1 f2=6c6f6e6772,2,0,1,2 props=- rl=21 buf=160 -> Success bytes=8215000700000178000003612f621500056c6f6e67722a
sub 9 sub-with-properties id=1 n=1 f0=612f62,0,0,0,0 props=0b07 rl=11 buf=160 -> Success bytes=820b0001020b070003612f6200
unsub 10 unsub-one-filter id=1 n=1 f0=612f62,0,0,0,0 props=- rl=8 buf=160 -> Success bytes=a2080001000003612f62
unsub 11 unsub-three-filters id=7 n=3 f0=78,0,0,0,0 f1=612f62,0,0,0,0 f2=6c6f6e6772,0,0,0,0 props=- rl=18 buf=160 -> Success bytes=a2120007000001780003612f6200056c6f6e6772
unsub 12 unsub-with-properties id=1 n=1 f0=612f62,0,0,0,0 props=2600 rl=10 buf=160 -> Success bytes=a20a00010226000003612f62
sub 13 zero-filters id=1 n=0 props=- rl=3 buf=160 -> BadParameter
sub 14 packet-id-zero id=0 n=1 f0=612f62,0,0,0,0 props=- rl=9 buf=160 -> BadParameter
sub 15 empty-filter id=1 n=1 f0=-,0,0,0,0 props=- rl=6 buf=160 -> BadParameter
sub 16 remaining-length-one-short id=1 n=1 f0=612f62,0,0,0,0 props=- rl=8 buf=160 -> Success bytes=82080001000003612f62
sub 17 buffer-exactly-big-enough id=1 n=1 f0=612f62,0,0,0,0 props=- rl=9 buf=11 -> Success bytes=82090001000003612f6200
sub 18 buffer-one-byte-short id=1 n=1 f0=612f62,0,0,0,0 props=- rl=9 buf=10 -> NoMemory
ack 0 puback-bare type=40 id=42 rc=- props=- buf=160 -> Success bytes=4002002a
ack 1 puback-reason-only type=40 id=42 rc=00 props=- buf=160 -> Success bytes=4004002a0000
ack 2 puback-with-properties type=40 id=42 rc=10 props=1f000178 buf=160 -> Success bytes=4008002a10041f000178
ack 3 pubrec-reason type=50 id=1 rc=87 props=- buf=160 -> Success bytes=500400018700
ack 4 pubrel-success type=62 id=1 rc=00 props=- buf=160 -> Success bytes=620400010000
ack 5 pubrel-not-found type=62 id=1 rc=92 props=- buf=160 -> Success bytes=620400019200
ack 6 pubcomp-not-found type=70 id=1 rc=92 props=- buf=160 -> Success bytes=700400019200
ack 7 puback-pubrel-code type=40 id=1 rc=92 props=- buf=160 -> BadParameter
ack 8 pubrel-puback-code type=62 id=1 rc=10 props=- buf=160 -> BadParameter
ack 9 unknown-reason-code type=40 id=1 rc=7f props=- buf=160 -> BadParameter
ack 10 not-an-ack-type type=90 id=1 rc=00 props=- buf=160 -> BadParameter
ack 11 packet-id-zero type=40 id=0 rc=00 props=- buf=160 -> BadParameter
ack 12 properties-no-reason type=40 id=1 rc=- props=1f000178 buf=160 -> BadParameter
ack 13 buffer-four-bytes type=40 id=42 rc=- props=- buf=4 -> Success bytes=4002002a
ack 14 buffer-three-bytes type=40 id=42 rc=- props=- buf=3 -> NoMemory
ack 15 reason-in-a-four-byte-buffer type=40 id=42 rc=00 props=- buf=4 -> BadParameter
pingreq buf=2 -> Success bytes=c000
pingreq buf=1 -> NoMemory
pingreq buf=0 -> NoMemory
options-sweep bytes=00,01,02,10,11,12,20,21,22,04,05,06,14,15,16,24,25,26,08,09,0a,18,19,1a,28,29,2a,0c,0d,0e,1c,1d,1e,2c,2d,2e n=36 digest=dba6b84bad6ba99f
ack-reason-sweep puback accepted=00,10,80,83,87,90,91,97,99 n=9 refused=247
ack-reason-sweep pubrec accepted=00,10,80,83,87,90,91,97,99 n=9 refused=247
ack-reason-sweep pubrel accepted=00,92 n=2 refused=254
ack-reason-sweep pubcomp accepted=00,92 n=2 refused=254
end
