geometry cases=48
grid alphabet=a/+ maxlen=3 n=39
grid-strings a / + aa a/ a+ /a // /+ +a +/ ++ aaa aa/ aa+ a/a a// a/+ a+a a+/ a++ /aa /a/ /a+ //a /// //+ /+a /+/ /++ +aa +a/ +a+ +/a +// +/+ ++a ++/ +++
grid-row a 1......................................
grid-row / .1.....................................
grid-row + 1.11.1......1.1...1.1..................
grid-row aa ...1...................................
grid-row a/ ....1..................................
grid-row a+ .....1.................................
grid-row /a ......1................................
grid-row // .......1...............................
grid-row /+ .1....1.1............1.1...............
grid-row +a .........1.............................
grid-row +/ .1..1.....1..1.....1...................
grid-row ++ ...........1...........................
grid-row aaa ............1..........................
grid-row aa/ .............1.........................
grid-row aa+ ..............1........................
grid-row a/a ...............1.......................
grid-row a// ................1......................
grid-row a/+ ....1..........1.1.....................
grid-row a+a ..................1....................
grid-row a+/ ...................1...................
grid-row a++ ....................1..................
grid-row /aa .....................1.................
grid-row /a/ ......................1................
grid-row /a+ .......................1...............
grid-row //a ........................1..............
grid-row /// .........................1.............
grid-row //+ .......1................1.1............
grid-row /+a ...........................1...........
grid-row /+/ .......1..............1.....1..........
grid-row /++ .............................1.........
grid-row +aa ..............................1........
grid-row +a/ ...............................1.......
grid-row +a+ ................................1......
grid-row +/a ......1........1.................1.....
grid-row +// .......1........1.................1....
grid-row +/+ ......1.1.1....1.1...1.1.........1.1...
grid-row ++a ....................................1..
grid-row ++/ .....................................1.
grid-row +++ ......................................1
sweep alphabet=ab/+#$ maxlen=4 n=1554 calls=2414916 matches=5565 digest=4e0c69928de31ade
match 0 topic=sport/tennis/player1 filter=sport/tennis/player1/# -> Success yes
match 1 topic=sport/tennis/player1/ranking filter=sport/tennis/player1/# -> Success yes
match 2 topic=sport filter=sport/# -> Success yes
match 3 topic=sport/ filter=sport/# -> Success yes
match 4 topic=sport/tennis filter=# -> Success yes
match 5 topic=sport filter=# -> Success yes
match 6 topic=sport/tennis/player1 filter=sport/tennis/+ -> Success yes
match 7 topic=sport/tennis/player1/ranking filter=sport/tennis/+ -> Success no
match 8 topic=sport/ filter=sport/+ -> Success yes
match 9 topic=sport filter=sport/+ -> Success no
match 10 topic=/finance filter=+/+ -> Success yes
match 11 topic=/finance filter=/+ -> Success yes
match 12 topic=/finance filter=+ -> Success no
match 13 topic=$SYS/broker filter=# -> Success no
match 14 topic=$SYS/broker filter=+/broker -> Success no
match 15 topic=$SYS/broker filter=$SYS/# -> Success yes
match 16 topic=$SYS/broker filter=$SYS/+ -> Success yes
match 17 topic=a$b filter=# -> Success yes
match 18 topic=sport filter=sport -> Success yes
match 19 topic=sport filter=sports -> Success no
match 20 topic=sports filter=sport -> Success no
match 21 topic=sport/tennis filter=sport/tennis -> Success yes
match 22 topic=sport+ filter=sport+ -> Success yes
match 23 topic=sportx filter=sport+ -> Success no
match 24 topic=sport# filter=sport# -> Success yes
match 25 topic=sportx filter=sport# -> Success no
match 26 topic=a/b filter=a+/b -> Success no
match 27 topic=a/b filter=+a/b -> Success no
match 28 topic=/ filter=/ -> Success yes
match 29 topic=/ filter=+/+ -> Success no
match 30 topic=// filter=+/+/+ -> Success no
match 31 topic=a//b filter=a/+/b -> Success yes
match 32 topic=a//b filter=a/# -> Success yes
match 33 topic=a/ filter=a/+ -> Success yes
match 34 topic=a/ filter=+/+ -> Success no
match 35 topic=/a filter=+/+ -> Success yes
match 36 topic=/ filter=+/ -> Success yes
match 37 topic=/ filter=/+ -> Success yes
match 38 topic=// filter=+/+/ -> Success yes
match 39 topic=a// filter=a/+/+ -> Success no
match 40 topic=/ filter=# -> Success yes
match 41 topic=/ filter=/# -> Success yes
match 42 topic=a/b filter=#/b -> Success no
match 43 topic=a/b filter=a/#/b -> Success no
match 44 topic=a/b/c filter=+/+/+ -> Success yes
match 45 topic=a/b/c filter=+/b/+ -> Success yes
match 46 topic=a/b/c filter=a/+/# -> Success yes
match 47 topic=a/b/c/d filter=a/+/# -> Success yes
refusal empty-topic -> BadParameter
refusal empty-filter -> BadParameter
refusal huge-topic -> BadParameter
refusal huge-filter -> BadParameter
ack suback-one-code which=suback -> Success n=1 codes=01
ack suback-three which=suback -> Success n=3 codes=000102
ack suback-failure which=suback -> Success n=1 codes=80
ack suback-no-codes which=suback -> BadParameter
ack suback-with-props which=suback -> Success n=1 codes=01
ack unsuback-one-code which=unsuback -> Success n=1 codes=00
ack unsuback-no-sub which=unsuback -> Success n=1 codes=11
ack unsuback-two which=unsuback -> Success n=2 codes=0011
ack suback-two-byte-property-length which=suback -> Success n=1 codes=00
ack suback-getter-on-unsuback which=suback -> BadParameter
ack unsuback-getter-on-suback which=unsuback -> BadParameter
status 0=MQTTSuccess 1=MQTTBadParameter 2=MQTTNoMemory 3=MQTTSendFailed 4=MQTTRecvFailed 5=MQTTBadResponse 6=MQTTServerRefused 7=MQTTNoDataAvailable 8=MQTTIllegalState 9=MQTTStateCollision 10=MQTTKeepAliveTimeout 11=MQTTNeedMoreBytes 12=Invalid MQTT Status code 13=MQTTStatusConnected 14=MQTTStatusNotConnected 15=MQTTStatusDisconnectPending 16=MQTTPublishStoreFailed 17=MQTTPublishRetrieveFailed 18=Invalid MQTT Status code 19=Invalid MQTT Status code
types 00=UNKNOWN 10=CONNECT 20=CONNACK 30=PUBLISH 40=PUBACK 50=PUBREC 60=UNKNOWN 62=PUBREL 70=PUBCOMP 80=UNKNOWN 82=SUBSCRIBE 90=SUBACK a0=UNKNOWN a2=UNSUBSCRIBE b0=UNSUBACK c0=PINGREQ d0=PINGRESP e0=DISCONNECT f0=AUTH digest=7ab9bf2b5ad5a4e3
end
