geometry acks=7 subs=6
ack 0 40 0001 2 00 -> 5 4002000100
ack 1 40 ffff 3 00 -> 5 4003ffff00
ack 2 50 1234 3 10 -> 5 5003123410
ack 3 62 1234 3 92 -> 5 6203123492
ack 4 70 0001 3 00 -> 5 7003000100
ack 5 40 8000 130 87 -> 6 408201800087
ack 6 40 0100 16384 00 -> 7 40808001010000
sub 0 2 0001 -> 4 82020001
unsub 0 2 0001 -> 4 a2020001
sub 1 127 ffff -> 4 827fffff
unsub 1 127 ffff -> 4 a27fffff
sub 2 128 1234 -> 5 8280011234
unsub 2 128 1234 -> 5 a280011234
sub 3 16384 0001 -> 6 828080010001
unsub 3 16384 0001 -> 6 a28080010001
sub 4 2097152 002a -> 7 8280808001002a
unsub 4 2097152 002a -> 7 a280808001002a
sub 5 268435455 8000 -> 7 82ffffff7f8000
unsub 5 268435455 8000 -> 7 a2ffffff7f8000
disc 0 0 0 0 -> 3 e00000
disc 0 1 0 4 -> 3 e00004
disc 0 2 0 129 -> 3 e00081
disc 0 3 0 142 -> 3 e0008e
disc 0 4 0 256 -> 2 e000
disc 1 0 1 0 -> 3 e00100
disc 1 1 1 4 -> 3 e00104
disc 1 2 1 129 -> 3 e00181
disc 1 3 1 142 -> 3 e0018e
disc 1 4 1 256 -> 2 e001
disc 2 0 2 0 -> 3 e00200
disc 2 1 2 4 -> 3 e00204
disc 2 2 2 129 -> 3 e00281
disc 2 3 2 142 -> 3 e0028e
disc 2 4 2 256 -> 2 e002
disc 3 0 130 0 -> 4 e0820100
disc 3 1 130 4 -> 4 e0820104
disc 3 2 130 129 -> 4 e0820181
disc 3 3 130 142 -> 4 e082018e
disc 3 4 130 256 -> 3 e08201
connect total 1536
connect digest 1be994d7a468cb73
conn 0 000000 -> 12 100a00044d5154540500003c
conn 1 100000 -> 12 100a00044d5154540502003c
conn 2 110000 -> 12 100a00044d5154540506003c
conn 3 111000 -> 12 100a00044d515454050e003c
conn 4 112100 -> 12 100a00044d5154540536003c
conn 5 100011 -> 12 100a00044d51545405c2003c
conn 6 112111 -> 12 100a00044d51545405f6003c
conn 7 011110 -> 12 100a00044d51545405ac003c
end
